// Jest Snapshot v1, https://goo.gl/fbAQLP

exports[`Should render "test" Text 1`] = `
<Text
  accessible={true}
  allowFontScaling={true}
  ellipsizeMode="tail"
  style={
    Array [
      Object {
        "color": "#fff",
        "fontFamily": "TitilliumWeb-Regular",
      },
      Object {},
    ]
  }
>
  test
</Text>
`;
